../Core/Src/main.c:89:6:HAL_UART_TxCpltCallback	16	static
../Core/Src/main.c:96:6:HAL_I2C_MemRxCpltCallback	16	static
../Core/Src/main.c:102:6:HAL_TIM_PeriodElapsedCallback	16	static
../Core/Src/main.c:123:5:main	56	static
../Core/Src/main.c:205:6:SystemClock_Config	88	static
../Core/Src/main.c:252:13:MX_I2C1_Init	8	static
../Core/Src/main.c:286:13:MX_TIM1_Init	32	static
../Core/Src/main.c:332:13:MX_USART2_UART_Init	8	static
../Core/Src/main.c:363:13:MX_DMA_Init	16	static
../Core/Src/main.c:384:13:MX_GPIO_Init	16	static
../Core/Src/main.c:405:6:Error_Handler	4	static,ignoring_inline_asm
